Not belongs to this vectors spaces
Not belongs to this vectors spaces
1
