[[ 2.          1.        ]
 [ 0.66666667  0.5       ]]
