Belongs to this vectors spaces
Belongs to this affine spaces
1
