#!/usr/bin/python
import numpy as np
from VecSpace import *
from InSpace import *
from AffSpace import *
def main() :
    a=1
    print(a)
    print(a)

main()
