[array([1, 2, 3]), array([2, 3, 4]), array([3, 4, 5])]
