[  3.5   7.   10.5]
[ 0.28571429  0.57142857  0.85714286]
[[  3.5   7.   10.5]
 [ 21.   24.5  28. ]]
[[ 0.28571429  0.57142857  0.85714286]
 [ 1.71428571  2.          2.28571429]]
(3, 2)
(2, 3)
[[21 27 33]
 [16 22 28]
 [41 52 63]]
