[array([ 0.26726124,  0.53452248,  0.80178373]), array([ 0.84847632, -0.52495657,  0.06714561]), array([ 0.45679247,  0.66234909, -0.59383022])]
