#!/usr/bin/python
import numpy as np
from VecSpace import *
from InSpace import *
from AffSpace import *
def main() :
    v1=np.array([1,2,3])
    v2=np.array([2,3,4])
    v3=np.array([3,4,4])
    v4=np.array([3,5,7])
    vs=VecSpace([v1, v2])
    print(vs.belongs(v3))
    print(vs.belongs(v4))

main()
